Microchip MPLAB XC8 Compiler V1.41 ()

Linker command line:

-W-3 --edf=/Applications/microchip/xc8/v1.41/dat/en_msgs.txt -cs \
  -h+dist/default/production/DomeShow.X.production.sym \
  --cmf=dist/default/production/DomeShow.X.production.cmf -z -Q18F47J13 \
  -o/tmp/xcMSwe7iL -Mdist/default/production/DomeShow.X.production.map -E1 \
  -ver=XC8 -ASTACK=060h-0eafh -pstack=STACK -ACODE=00h-01FFF7h \
  -ACONST=00h-01FFF7h -ASMALLCONST=0F00h-0FFFhx496,01FF00h-01FFF7h \
  -AMEDIUMCONST=0F00h-0FFFFh,010F00h-01FFF7h -ACOMRAM=01h-05Fh \
  -AABS1=00h-0EAFh -ABIGRAM=01h-0EAFh \
  -ARAM=060h-0FFh,0100h-01FFhx13,0E00h-0EAFh -ABANK0=060h-0FFh \
  -ABANK1=0100h-01FFh -ABANK2=0200h-02FFh -ABANK3=0300h-03FFh \
  -ABANK4=0400h-04FFh -ABANK5=0500h-05FFh -ABANK6=0600h-06FFh \
  -ABANK7=0700h-07FFh -ABANK8=0800h-08FFh -ABANK9=0900h-09FFh \
  -ABANK10=0A00h-0AFFh -ABANK11=0B00h-0BFFh -ABANK12=0C00h-0CFFh \
  -ABANK13=0D00h-0DFFh -ABANK14=0E00h-0EAFh \
  -ASFR=0EB0h-0EFFh,0F00h-0F5Fh,0F60h-0FFFh \
  -preset_vec=00h,intcode,intcodelo,powerup,init -pramtop=0F00h \
  -psmallconst=SMALLCONST -pmediumconst=MEDIUMCONST -pconst=CONST \
  -AFARRAM=00h-00h -ACONFIG=01FFF8h-01FFFFh -pconfig=CONFIG \
  -pjflash_buffer=01F800h \
  -prdata=COMRAM,nvrram=COMRAM,nvbit=COMRAM,rbss=COMRAM,rbit=COMRAM \
  -pfarbss=FARRAM,fardata=FARRAM,nvFARRAM=FARRAM \
  -pintsave_regs=BIGRAM,bigbss=BIGRAM,bigdata=BIGRAM -pbss=RAM \
  -pidata=CODE,irdata=CODE,ibigdata=CODE,ifardata=CODE -prparam=COMRAM \
  /tmp/xcDvpFrZc.obj dist/default/production/DomeShow.X.production.obj 

Object code version is 3.11

Machine type is 18F47J13

Call graph: (short form)




                Name                               Link     Load   Length Selector   Space Scale
/tmp/xcDvpFrZc.obj
                init                                  0        0        4        0       0
                config                            1FFF8    1FFF8        8    1FFF8       0
dist/default/production/DomeShow.X.production.obj
                text10                            1FC7E    1FC7E       26     FE3F       0
                text9                             1FE0A    1FE0A       7C     FF05       0
                text8                             1FE86    1FE86      172     FF43       0
                text7                             1FC4E    1FC4E        A     FE27       0
                text6                             1FC58    1FC58        A     FE2C       0
                text5                             1FC62    1FC62        A     FE31       0
                text4                             1FCA4    1FCA4       26     FE52       0
                text3                             1FD4C    1FD4C       5A     FEA6       0
                text2                             1FD02    1FD02       4A     FE81       0
                text1                             1FDA6    1FDA6       64     FED3       0
                text0                             1FCCA    1FCCA       38     FE65       0
                cstackCOMRAM                          1        1       2C        1       1
                bssCOMRAM                            2D       2D        D        1       1
                cinit                             1FC6C    1FC6C       12     FE36       0

TOTAL           Name                               Link     Load   Length     Space
        CLASS   STACK          

        CLASS   CODE           
                init                                  0        0        4         0
                text10                            1FC7E    1FC7E       26         0
                text9                             1FE0A    1FE0A       7C         0
                text8                             1FE86    1FE86      172         0
                text7                             1FC4E    1FC4E        A         0
                text6                             1FC58    1FC58        A         0
                text5                             1FC62    1FC62        A         0
                text4                             1FCA4    1FCA4       26         0
                text3                             1FD4C    1FD4C       5A         0
                text2                             1FD02    1FD02       4A         0
                text1                             1FDA6    1FDA6       64         0
                text0                             1FCCA    1FCCA       38         0
                cinit                             1FC6C    1FC6C       12         0

        CLASS   CONST          

        CLASS   SMALLCONST     

        CLASS   MEDIUMCONST    

        CLASS   COMRAM         
                cstackCOMRAM                          1        1       2C         1
                bssCOMRAM                            2D       2D        D         1

        CLASS   ABS1           

        CLASS   BIGRAM         

        CLASS   RAM            

        CLASS   BANK0          

        CLASS   BANK1          

        CLASS   BANK2          

        CLASS   BANK3          

        CLASS   BANK4          

        CLASS   BANK5          

        CLASS   BANK6          

        CLASS   BANK7          

        CLASS   BANK8          

        CLASS   BANK9          

        CLASS   BANK10         

        CLASS   BANK11         

        CLASS   BANK12         

        CLASS   BANK13         

        CLASS   BANK14         

        CLASS   SFR            

        CLASS   FARRAM         

        CLASS   CONFIG         
                config                            1FFF8    1FFF8        8         0

        CLASS   IDLOC          



SEGMENTS        Name                           Load    Length   Top    Selector   Space  Class

                reset_vec                      000000  000004  000004         0       0  CODE    
                cstackCOMRAM                   000001  000039  00003A         1       1  COMRAM  
                text7                          01FC4E  00000A  01FC58      FE27       0  CODE    
                text6                          01FC58  00000A  01FC62      FE2C       0  CODE    
                text5                          01FC62  00000A  01FC6C      FE31       0  CODE    
                cinit                          01FC6C  000012  01FC7E      FE36       0  CODE    
                text10                         01FC7E  000026  01FCA4      FE3F       0  CODE    
                text4                          01FCA4  000026  01FCCA      FE52       0  CODE    
                text0                          01FCCA  000038  01FD02      FE65       0  CODE    
                text2                          01FD02  00004A  01FD4C      FE81       0  CODE    
                text3                          01FD4C  00005A  01FDA6      FEA6       0  CODE    
                text1                          01FDA6  000064  01FE0A      FED3       0  CODE    
                text9                          01FE0A  00007C  01FE86      FF05       0  CODE    
                text8                          01FE86  000172  01FFF8      FF43       0  CODE    
                config                         01FFF8  000008  020000     1FFF8       0  CONFIG  


UNUSED ADDRESS RANGES

        Name                Unused          Largest block    Delta
        BANK0            00060-000FF              A0
        BANK1            00100-001FF             100
        BANK10           00A00-00AFF             100
        BANK11           00B00-00BFF             100
        BANK12           00C00-00CFF             100
        BANK13           00D00-00DFF             100
        BANK14           00E00-00EAF              B0
        BANK2            00200-002FF             100
        BANK3            00300-003FF             100
        BANK4            00400-004FF             100
        BANK5            00500-005FF             100
        BANK6            00600-006FF             100
        BANK7            00700-007FF             100
        BANK8            00800-008FF             100
        BANK9            00900-009FF             100
        BIGRAM           0003A-00EAF             E76
        CODE             00004-1FC4D           1FC4A
        COMRAM           0003A-0005F              26
        CONST            00004-1FC4D           1FC4A
        MEDIUMCONST      00F00-0FFFF            F100
                         10F00-1FC4D            ED4E
        RAM              00060-00EAF             100
        SFR              00EB0-00FFF              60
        SMALLCONST       00F00-1FC4D             100
        STACK            00060-00EAF             E50

                                  Symbol Table

?_Wheel                    cstackCOMRAM  0001D
?___wmul                   cstackCOMRAM  00001
?_getB                     cstackCOMRAM  00001
?_getG                     cstackCOMRAM  00001
?_getR                     cstackCOMRAM  00001
?_packColor                cstackCOMRAM  00007
Wheel@WheelPos             cstackCOMRAM  0001D
_BAUDCON1bits              (abs)         00F7E
_CCP4CONbits               (abs)         00F12
_CCP5CONbits               (abs)         00F0F
_CCP6CONbits               (abs)         00F0C
_CCP7CONbits               (abs)         00F09
_CCP8CONbits               (abs)         00F06
_CCP9CONbits               (abs)         00F03
_CCPR10L                   (abs)         00F01
_CCPR1L                    (abs)         00FBB
_CCPR4L                    (abs)         00F13
_CCPR5L                    (abs)         00F10
_CCPR6L                    (abs)         00F0D
_CCPR7L                    (abs)         00F0A
_CCPR8L                    (abs)         00F07
_CCPR9L                    (abs)         00F04
_PIE1bits                  (abs)         00F9D
_PIR1bits                  (abs)         00F9E
_PR2                       (abs)         00FCB
_RCREG1                    (abs)         00FAF
_RCSTA1bits                (abs)         00FAC
_SPBRG1                    (abs)         00FB0
_T2CON                     (abs)         00FCA
_TRISBbits                 (abs)         00F93
_TRISCbits                 (abs)         00F94
_TXSTA1bits                (abs)         00FAD
_Wheel                     text8         1FE86
__CFG_XINST$OFF            (abs)         00000
__HRAM                     (abs)         00000
__Habs1                    abs1          00000
__Hbank0                   bank0         00000
__Hbank1                   bank1         00000
__Hbank10                  bank10        00000
__Hbank11                  bank11        00000
__Hbank12                  bank12        00000
__Hbank13                  bank13        00000
__Hbank14                  bank14        00000
__Hbank2                   bank2         00000
__Hbank3                   bank3         00000
__Hbank4                   bank4         00000
__Hbank5                   bank5         00000
__Hbank6                   bank6         00000
__Hbank7                   bank7         00000
__Hbank8                   bank8         00000
__Hbank9                   bank9         00000
__Hbigbss                  bigbss        00000
__Hbigdata                 bigdata       00000
__Hbigram                  bigram        00000
__Hbss                     bss           00000
__HbssCOMRAM               bssCOMRAM     00000
__Hcinit                   cinit         00000
__Hclrtext                 clrtext       00000
__Hcomram                  comram        00000
__Hconfig                  config        20000
__Hconst                   const         00000
__HcstackCOMRAM            cstackCOMRAM  00000
__Hdata                    data          00000
__Hfarbss                  farbss        00000
__Hfardata                 fardata       00000
__Hibigdata                ibigdata      00000
__Hidata                   idata         00000
__Hidloc                   idloc         00000
__Hifardata                ifardata      00000
__Hinit                    init          00004
__Hintcode                 intcode       00000
__Hintcode_body            intcode_body  00000
__Hintcodelo               intcodelo     00000
__Hintentry                intentry      00000
__Hintret                  intret        00000
__Hintsave_regs            intsave_regs  00000
__Hirdata                  irdata        00000
__Hjflash_buffer           jflash_buffer 1F800
__Hmediumconst             mediumconst   00000
__HnvFARRAM                nvFARRAM      00000
__Hnvbit                   nvbit         00000
__Hnvrram                  nvrram        00000
__Hparam                   rparam        00000
__Hpowerup                 powerup       00000
__Hram                     ram           00000
__Hramtop                  ramtop        00F00
__Hrbit                    rbit          00000
__Hrbss                    rbss          00000
__Hrdata                   rdata         00000
__Hreset_vec               reset_vec     00000
__Hrparam                  rparam        00000
__Hsfr                     sfr           00000
__Hsmallconst              smallconst    00000
__Hspace_0                 (abs)         20000
__Hspace_1                 (abs)         0003A
__Hspace_2                 (abs)         00000
__Hstack                   stack         00000
__Hstruct                  struct        00000
__Htemp                    temp          00000
__Htext                    text          00000
__Htext0                   text0         00000
__Htext1                   text1         00000
__Htext10                  text10        00000
__Htext2                   text2         00000
__Htext3                   text3         00000
__Htext4                   text4         00000
__Htext5                   text5         00000
__Htext6                   text6         00000
__Htext7                   text7         00000
__Htext8                   text8         00000
__Htext9                   text9         00000
__LRAM                     (abs)         00001
__Labs1                    abs1          00000
__Lbank0                   bank0         00000
__Lbank1                   bank1         00000
__Lbank10                  bank10        00000
__Lbank11                  bank11        00000
__Lbank12                  bank12        00000
__Lbank13                  bank13        00000
__Lbank14                  bank14        00000
__Lbank2                   bank2         00000
__Lbank3                   bank3         00000
__Lbank4                   bank4         00000
__Lbank5                   bank5         00000
__Lbank6                   bank6         00000
__Lbank7                   bank7         00000
__Lbank8                   bank8         00000
__Lbank9                   bank9         00000
__Lbigbss                  bigbss        00000
__Lbigdata                 bigdata       00000
__Lbigram                  bigram        00000
__Lbss                     bss           00000
__LbssCOMRAM               bssCOMRAM     00000
__Lcinit                   cinit         00000
__Lclrtext                 clrtext       00000
__Lcomram                  comram        00000
__Lconfig                  config        1FFF8
__Lconst                   const         00000
__LcstackCOMRAM            cstackCOMRAM  00000
__Ldata                    data          00000
__Lfarbss                  farbss        00000
__Lfardata                 fardata       00000
__Libigdata                ibigdata      00000
__Lidata                   idata         00000
__Lidloc                   idloc         00000
__Lifardata                ifardata      00000
__Linit                    init          00000
__Lintcode                 intcode       00000
__Lintcode_body            intcode_body  00000
__Lintcodelo               intcodelo     00000
__Lintentry                intentry      00000
__Lintret                  intret        00000
__Lintsave_regs            intsave_regs  00000
__Lirdata                  irdata        00000
__Ljflash_buffer           jflash_buffer 1F800
__Lmediumconst             mediumconst   00000
__LnvFARRAM                nvFARRAM      00000
__Lnvbit                   nvbit         00000
__Lnvrram                  nvrram        00000
__Lparam                   rparam        00000
__Lpowerup                 powerup       00000
__Lram                     ram           00000
__Lramtop                  ramtop        00F00
__Lrbit                    rbit          00000
__Lrbss                    rbss          00000
__Lrdata                   rdata         00000
__Lreset_vec               reset_vec     00000
__Lrparam                  rparam        00000
__Lsfr                     sfr           00000
__Lsmallconst              smallconst    00000
__Lspace_0                 (abs)         00000
__Lspace_1                 (abs)         00000
__Lspace_2                 (abs)         00000
__Lstack                   stack         00000
__Lstruct                  struct        00000
__Ltemp                    temp          00000
__Ltext                    text          00000
__Ltext0                   text0         00000
__Ltext1                   text1         00000
__Ltext10                  text10        00000
__Ltext2                   text2         00000
__Ltext3                   text3         00000
__Ltext4                   text4         00000
__Ltext5                   text5         00000
__Ltext6                   text6         00000
__Ltext7                   text7         00000
__Ltext8                   text8         00000
__Ltext9                   text9         00000
__S0                       (abs)         20000
__S1                       (abs)         0003A
__S2                       (abs)         00000
___inthi_sp                stack         00000
___intlo_sp                stack         00000
___param_bank              (abs)         00000
___rparam_used             (abs)         00001
___sp                      stack         00000
___wmul                    text10        1FC7E
___wmul@multiplicand       cstackCOMRAM  00003
___wmul@multiplier         cstackCOMRAM  00001
___wmul@product            cstackCOMRAM  00005
__accesstop                (abs)         00060
__activetblptr             (abs)         00000
__end_of_Wheel             text8         1FFF8
__end_of___wmul            text10        1FCA4
__end_of__initialization   cinit         1FC78
__end_of_cycle             text2         1FD4C
__end_of_getB              text7         1FC58
__end_of_getG              text6         1FC62
__end_of_getR              text5         1FC6C
__end_of_main              text0         1FD02
__end_of_packColor         text9         1FE86
__end_of_setup             text1         1FE0A
__end_of_writeColor        text4         1FCCA
__end_of_writePackedColor  text3         1FDA6
__initialization           cinit         1FC6C
__mediumconst              mediumconst   00000
__pbssCOMRAM               bssCOMRAM     0002D
__pcinit                   cinit         1FC6C
__pcstackCOMRAM            cstackCOMRAM  00001
__ptext0                   text0         1FCCA
__ptext1                   text1         1FDA6
__ptext10                  text10        1FC7E
__ptext2                   text2         1FD02
__ptext3                   text3         1FD4C
__ptext4                   text4         1FCA4
__ptext5                   text5         1FC62
__ptext6                   text6         1FC58
__ptext7                   text7         1FC4E
__ptext8                   text8         1FE86
__ptext9                   text9         1FE0A
__ramtop                   ramtop        00F00
__size_of_Wheel            (abs)         00000
__size_of___wmul           (abs)         00000
__size_of_cycle            (abs)         00000
__size_of_getB             (abs)         00000
__size_of_getG             (abs)         00000
__size_of_getR             (abs)         00000
__size_of_main             (abs)         00000
__size_of_packColor        (abs)         00000
__size_of_setup            (abs)         00000
__size_of_writeColor       (abs)         00000
__size_of_writePackedColor (abs)         00000
__smallconst               smallconst    00000
_board                     bssCOMRAM     00037
_channel                   bssCOMRAM     00035
_channelValues             bssCOMRAM     0002D
_cycle                     text2         1FD02
_dmxByte                   bssCOMRAM     00039
_getB                      text7         1FC4E
_getG                      text6         1FC58
_getR                      text5         1FC62
_localChannel              bssCOMRAM     00033
_main                      text0         1FCCA
_packColor                 text9         1FE0A
_setup                     text1         1FDA6
_writeColor                text4         1FCA4
_writePackedColor          text3         1FD4C
cycle@i                    cstackCOMRAM  00028
end_of_initialization      cinit         1FC78
getB@x                     cstackCOMRAM  00001
getG@x                     cstackCOMRAM  00001
getR@x                     cstackCOMRAM  00001
intlevel0                  text          00000
intlevel1                  text          00000
intlevel2                  text          00000
intlevel3                  text          00000
main@i                     cstackCOMRAM  0002B
packColor@b                cstackCOMRAM  0000B
packColor@g                cstackCOMRAM  00009
packColor@r                cstackCOMRAM  00007
stackhi                    (abs)         00EAF
stacklo                    (abs)         00060
start                      init          00000
start_initialization       cinit         1FC6C
writeColor@b               cstackCOMRAM  00009
writeColor@g               cstackCOMRAM  00007
writeColor@r               cstackCOMRAM  00005
writePackedColor@x         cstackCOMRAM  00023


FUNCTION INFORMATION:

 *************** function _main *****************
 Defined at:
		line 177 in file "domeshow_main.c"
 Parameters:    Size  Location     Type
		None
 Auto vars:     Size  Location     Type
  i               2   42[COMRAM] int 
 Return value:  Size  Location     Type
                  1    wreg      void 
 Registers used:
		wreg, status,2, status,0, prodl, prodh, cstack
 Tracked objects:
		On entry : 
		On exit  : 
		Unchanged: 
 Data sizes:     COMRAM   BANK0   BANK1   BANK2   BANK3   BANK4   BANK5   BANK6   BANK7   BANK8   BANK9  BANK10  BANK11  BANK12  BANK13  BANK14
      Params:         0       0       0       0       0       0       0       0       0       0       0       0       0       0       0       0
      Locals:         2       0       0       0       0       0       0       0       0       0       0       0       0       0       0       0
      Temps:          1       0       0       0       0       0       0       0       0       0       0       0       0       0       0       0
      Totals:         3       0       0       0       0       0       0       0       0       0       0       0       0       0       0       0
Total ram usage:        3 bytes
 Hardware stack levels required when called:    3
 This function calls:
		_cycle
		_setup
 This function is called by:
		Startup code after reset
 This function uses a non-reentrant model


 *************** function _setup *****************
 Defined at:
		line 34 in file "domeshow_main.c"
 Parameters:    Size  Location     Type
		None
 Auto vars:     Size  Location     Type
		None
 Return value:  Size  Location     Type
                  1    wreg      void 
 Registers used:
		wreg, status,2
 Tracked objects:
		On entry : 
		On exit  : 
		Unchanged: 
 Data sizes:     COMRAM   BANK0   BANK1   BANK2   BANK3   BANK4   BANK5   BANK6   BANK7   BANK8   BANK9  BANK10  BANK11  BANK12  BANK13  BANK14
      Params:         0       0       0       0       0       0       0       0       0       0       0       0       0       0       0       0
      Locals:         0       0       0       0       0       0       0       0       0       0       0       0       0       0       0       0
      Temps:          0       0       0       0       0       0       0       0       0       0       0       0       0       0       0       0
      Totals:         0       0       0       0       0       0       0       0       0       0       0       0       0       0       0       0
Total ram usage:        0 bytes
 Hardware stack levels used:    1
 This function calls:
		Nothing
 This function is called by:
		_main
 This function uses a non-reentrant model


 *************** function _cycle *****************
 Defined at:
		line 161 in file "domeshow_main.c"
 Parameters:    Size  Location     Type
		None
 Auto vars:     Size  Location     Type
  i               2   39[COMRAM] int 
 Return value:  Size  Location     Type
                  1    wreg      void 
 Registers used:
		wreg, status,2, status,0, prodl, prodh, cstack
 Tracked objects:
		On entry : 
		On exit  : 
		Unchanged: 
 Data sizes:     COMRAM   BANK0   BANK1   BANK2   BANK3   BANK4   BANK5   BANK6   BANK7   BANK8   BANK9  BANK10  BANK11  BANK12  BANK13  BANK14
      Params:         0       0       0       0       0       0       0       0       0       0       0       0       0       0       0       0
      Locals:         2       0       0       0       0       0       0       0       0       0       0       0       0       0       0       0
      Temps:          1       0       0       0       0       0       0       0       0       0       0       0       0       0       0       0
      Totals:         3       0       0       0       0       0       0       0       0       0       0       0       0       0       0       0
Total ram usage:        3 bytes
 Hardware stack levels used:    1
 Hardware stack levels required when called:    2
 This function calls:
		_Wheel
		_writePackedColor
 This function is called by:
		_main
 This function uses a non-reentrant model


 *************** function _writePackedColor *****************
 Defined at:
		line 144 in file "domeshow_main.c"
 Parameters:    Size  Location     Type
  x               4   34[COMRAM] unsigned long 
 Auto vars:     Size  Location     Type
		None
 Return value:  Size  Location     Type
                  1    wreg      void 
 Registers used:
		wreg, status,2, status,0, cstack
 Tracked objects:
		On entry : 
		On exit  : 
		Unchanged: 
 Data sizes:     COMRAM   BANK0   BANK1   BANK2   BANK3   BANK4   BANK5   BANK6   BANK7   BANK8   BANK9  BANK10  BANK11  BANK12  BANK13  BANK14
      Params:         4       0       0       0       0       0       0       0       0       0       0       0       0       0       0       0
      Locals:         0       0       0       0       0       0       0       0       0       0       0       0       0       0       0       0
      Temps:          0       0       0       0       0       0       0       0       0       0       0       0       0       0       0       0
      Totals:         4       0       0       0       0       0       0       0       0       0       0       0       0       0       0       0
Total ram usage:        4 bytes
 Hardware stack levels used:    1
 Hardware stack levels required when called:    1
 This function calls:
		_getB
		_getG
		_getR
		_writeColor
 This function is called by:
		_cycle
 This function uses a non-reentrant model


 *************** function _writeColor *****************
 Defined at:
		line 115 in file "domeshow_main.c"
 Parameters:    Size  Location     Type
  r               2    4[COMRAM] int 
  g               2    6[COMRAM] int 
  b               2    8[COMRAM] int 
 Auto vars:     Size  Location     Type
		None
 Return value:  Size  Location     Type
                  1    wreg      void 
 Registers used:
		wreg, status,2, status,0
 Tracked objects:
		On entry : 
		On exit  : 
		Unchanged: 
 Data sizes:     COMRAM   BANK0   BANK1   BANK2   BANK3   BANK4   BANK5   BANK6   BANK7   BANK8   BANK9  BANK10  BANK11  BANK12  BANK13  BANK14
      Params:         6       0       0       0       0       0       0       0       0       0       0       0       0       0       0       0
      Locals:         0       0       0       0       0       0       0       0       0       0       0       0       0       0       0       0
      Temps:          1       0       0       0       0       0       0       0       0       0       0       0       0       0       0       0
      Totals:         7       0       0       0       0       0       0       0       0       0       0       0       0       0       0       0
Total ram usage:        7 bytes
 Hardware stack levels used:    1
 This function calls:
		Nothing
 This function is called by:
		_writePackedColor
		_drawFrame
 This function uses a non-reentrant model


 *************** function _getR *****************
 Defined at:
		line 132 in file "domeshow_main.c"
 Parameters:    Size  Location     Type
  x               4    0[COMRAM] unsigned long 
 Auto vars:     Size  Location     Type
		None
 Return value:  Size  Location     Type
                  2    0[COMRAM] int 
 Registers used:
		None
 Tracked objects:
		On entry : 
		On exit  : 
		Unchanged: 
 Data sizes:     COMRAM   BANK0   BANK1   BANK2   BANK3   BANK4   BANK5   BANK6   BANK7   BANK8   BANK9  BANK10  BANK11  BANK12  BANK13  BANK14
      Params:         4       0       0       0       0       0       0       0       0       0       0       0       0       0       0       0
      Locals:         0       0       0       0       0       0       0       0       0       0       0       0       0       0       0       0
      Temps:          0       0       0       0       0       0       0       0       0       0       0       0       0       0       0       0
      Totals:         4       0       0       0       0       0       0       0       0       0       0       0       0       0       0       0
Total ram usage:        4 bytes
 Hardware stack levels used:    1
 This function calls:
		Nothing
 This function is called by:
		_writePackedColor
 This function uses a non-reentrant model


 *************** function _getG *****************
 Defined at:
		line 136 in file "domeshow_main.c"
 Parameters:    Size  Location     Type
  x               4    0[COMRAM] unsigned long 
 Auto vars:     Size  Location     Type
		None
 Return value:  Size  Location     Type
                  2    0[COMRAM] int 
 Registers used:
		None
 Tracked objects:
		On entry : 
		On exit  : 
		Unchanged: 
 Data sizes:     COMRAM   BANK0   BANK1   BANK2   BANK3   BANK4   BANK5   BANK6   BANK7   BANK8   BANK9  BANK10  BANK11  BANK12  BANK13  BANK14
      Params:         4       0       0       0       0       0       0       0       0       0       0       0       0       0       0       0
      Locals:         0       0       0       0       0       0       0       0       0       0       0       0       0       0       0       0
      Temps:          0       0       0       0       0       0       0       0       0       0       0       0       0       0       0       0
      Totals:         4       0       0       0       0       0       0       0       0       0       0       0       0       0       0       0
Total ram usage:        4 bytes
 Hardware stack levels used:    1
 This function calls:
		Nothing
 This function is called by:
		_writePackedColor
 This function uses a non-reentrant model


 *************** function _getB *****************
 Defined at:
		line 140 in file "domeshow_main.c"
 Parameters:    Size  Location     Type
  x               4    0[COMRAM] unsigned long 
 Auto vars:     Size  Location     Type
		None
 Return value:  Size  Location     Type
                  2    0[COMRAM] int 
 Registers used:
		None
 Tracked objects:
		On entry : 
		On exit  : 
		Unchanged: 
 Data sizes:     COMRAM   BANK0   BANK1   BANK2   BANK3   BANK4   BANK5   BANK6   BANK7   BANK8   BANK9  BANK10  BANK11  BANK12  BANK13  BANK14
      Params:         4       0       0       0       0       0       0       0       0       0       0       0       0       0       0       0
      Locals:         0       0       0       0       0       0       0       0       0       0       0       0       0       0       0       0
      Temps:          0       0       0       0       0       0       0       0       0       0       0       0       0       0       0       0
      Totals:         4       0       0       0       0       0       0       0       0       0       0       0       0       0       0       0
Total ram usage:        4 bytes
 Hardware stack levels used:    1
 This function calls:
		Nothing
 This function is called by:
		_writePackedColor
 This function uses a non-reentrant model


 *************** function _Wheel *****************
 Defined at:
		line 148 in file "domeshow_main.c"
 Parameters:    Size  Location     Type
  WheelPos        2   28[COMRAM] int 
 Auto vars:     Size  Location     Type
		None
 Return value:  Size  Location     Type
                  4   28[COMRAM] unsigned long 
 Registers used:
		wreg, status,2, status,0, prodl, prodh, cstack
 Tracked objects:
		On entry : 
		On exit  : 
		Unchanged: 
 Data sizes:     COMRAM   BANK0   BANK1   BANK2   BANK3   BANK4   BANK5   BANK6   BANK7   BANK8   BANK9  BANK10  BANK11  BANK12  BANK13  BANK14
      Params:         4       0       0       0       0       0       0       0       0       0       0       0       0       0       0       0
      Locals:         0       0       0       0       0       0       0       0       0       0       0       0       0       0       0       0
      Temps:          2       0       0       0       0       0       0       0       0       0       0       0       0       0       0       0
      Totals:         6       0       0       0       0       0       0       0       0       0       0       0       0       0       0       0
Total ram usage:        6 bytes
 Hardware stack levels used:    1
 Hardware stack levels required when called:    1
 This function calls:
		___wmul
		_packColor
 This function is called by:
		_cycle
 This function uses a non-reentrant model


 *************** function _packColor *****************
 Defined at:
		line 128 in file "domeshow_main.c"
 Parameters:    Size  Location     Type
  r               2    6[COMRAM] int 
  g               2    8[COMRAM] int 
  b               2   10[COMRAM] int 
 Auto vars:     Size  Location     Type
		None
 Return value:  Size  Location     Type
                  4    6[COMRAM] unsigned long 
 Registers used:
		wreg, status,2, status,0
 Tracked objects:
		On entry : 
		On exit  : 
		Unchanged: 
 Data sizes:     COMRAM   BANK0   BANK1   BANK2   BANK3   BANK4   BANK5   BANK6   BANK7   BANK8   BANK9  BANK10  BANK11  BANK12  BANK13  BANK14
      Params:         6       0       0       0       0       0       0       0       0       0       0       0       0       0       0       0
      Locals:         0       0       0       0       0       0       0       0       0       0       0       0       0       0       0       0
      Temps:         16       0       0       0       0       0       0       0       0       0       0       0       0       0       0       0
      Totals:        22       0       0       0       0       0       0       0       0       0       0       0       0       0       0       0
Total ram usage:       22 bytes
 Hardware stack levels used:    1
 This function calls:
		Nothing
 This function is called by:
		_Wheel
 This function uses a non-reentrant model


 *************** function ___wmul *****************
 Defined at:
		line 15 in file "/Applications/microchip/xc8/v1.41/sources/common/Umul16.c"
 Parameters:    Size  Location     Type
  multiplier      2    0[COMRAM] unsigned int 
  multiplicand    2    2[COMRAM] unsigned int 
 Auto vars:     Size  Location     Type
  product         2    4[COMRAM] unsigned int 
 Return value:  Size  Location     Type
                  2    0[COMRAM] unsigned int 
 Registers used:
		wreg, status,2, status,0, prodl, prodh
 Tracked objects:
		On entry : 
		On exit  : 
		Unchanged: 
 Data sizes:     COMRAM   BANK0   BANK1   BANK2   BANK3   BANK4   BANK5   BANK6   BANK7   BANK8   BANK9  BANK10  BANK11  BANK12  BANK13  BANK14
      Params:         4       0       0       0       0       0       0       0       0       0       0       0       0       0       0       0
      Locals:         2       0       0       0       0       0       0       0       0       0       0       0       0       0       0       0
      Temps:          0       0       0       0       0       0       0       0       0       0       0       0       0       0       0       0
      Totals:         6       0       0       0       0       0       0       0       0       0       0       0       0       0       0       0
Total ram usage:        6 bytes
 Hardware stack levels used:    1
 This function calls:
		Nothing
 This function is called by:
		_Wheel
		_ISR
 This function uses a non-reentrant model



MODULE INFORMATION

Module		Function		Class		Link	Load	Size
/Applications/microchip/xc8/v1.41/sources/common/Umul16.c
		___wmul        		CODE           	1FC7E	0000	39

/Applications/microchip/xc8/v1.41/sources/common/Umul16.c estimated size: 39

domeshow_main.c
		_getB          		CODE           	1FC4E	0000	11
		_writeColor    		CODE           	1FCA4	0000	39
		_writePackedColor		CODE           	1FD4C	0000	91
		_main          		CODE           	1FCCA	0000	57
		_getR          		CODE           	1FC62	0000	11
		_getG          		CODE           	1FC58	0000	11
		_cycle         		CODE           	1FD02	0000	75
		_setup         		CODE           	1FDA6	0000	101
		_packColor     		CODE           	1FE0A	0000	125
		_Wheel         		CODE           	1FE86	0000	371

domeshow_main.c estimated size: 892

shared
		__initialization		CODE           	1FC6C	0000	13

shared estimated size: 13

