Microchip MPLAB XC8 Compiler V1.41 ()

Linker command line:

-W-3 --edf=/opt/microchip/xc8/v1.41/dat/en_msgs.txt -cs \
  -h+dist/DS/production/domeshow-dimmadome.production.sym \
  --cmf=dist/DS/production/domeshow-dimmadome.production.cmf -z -Q18F27J13 \
  -o/tmp/xcXFPwBfp -Mdist/DS/production/domeshow-dimmadome.production.map \
  -E1 -ver=XC8 -ASTACK=060h-0eafh -pstack=STACK -ACODE=00h-01FFF7h \
  -ACONST=00h-01FFF7h -ASMALLCONST=0F00h-0FFFhx496,01FF00h-01FFF7h \
  -AMEDIUMCONST=0F00h-0FFFFh,010F00h-01FFF7h -ACOMRAM=01h-05Fh \
  -AABS1=00h-0EAFh -ABIGRAM=01h-0EAFh \
  -ARAM=060h-0FFh,0100h-01FFhx13,0E00h-0EAFh -ABANK0=060h-0FFh \
  -ABANK1=0100h-01FFh -ABANK2=0200h-02FFh -ABANK3=0300h-03FFh \
  -ABANK4=0400h-04FFh -ABANK5=0500h-05FFh -ABANK6=0600h-06FFh \
  -ABANK7=0700h-07FFh -ABANK8=0800h-08FFh -ABANK9=0900h-09FFh \
  -ABANK10=0A00h-0AFFh -ABANK11=0B00h-0BFFh -ABANK12=0C00h-0CFFh \
  -ABANK13=0D00h-0DFFh -ABANK14=0E00h-0EAFh \
  -ASFR=0EB0h-0EFFh,0F00h-0F5Fh,0F60h-0FFFh \
  -preset_vec=00h,intcode=08h,intcodelo,powerup,init -pramtop=0F00h \
  -psmallconst=SMALLCONST -pmediumconst=MEDIUMCONST -pconst=CONST \
  -AFARRAM=00h-00h -ACONFIG=01FFF8h-01FFFFh -pconfig=CONFIG \
  -pjflash_buffer=01F800h \
  -prdata=COMRAM,nvrram=COMRAM,nvbit=COMRAM,rbss=COMRAM,rbit=COMRAM \
  -pfarbss=FARRAM,fardata=FARRAM,nvFARRAM=FARRAM \
  -pintsave_regs=BIGRAM,bigbss=BIGRAM,bigdata=BIGRAM -pbss=RAM \
  -pidata=CODE,irdata=CODE,ibigdata=CODE,ifardata=CODE -prparam=COMRAM \
  /tmp/xcXKg01kQ.obj dist/DS/production/domeshow-dimmadome.production.obj 

Object code version is 3.11

Machine type is 18F27J13

Call graph: (short form)




                Name                               Link     Load   Length Selector   Space Scale
/tmp/xcXKg01kQ.obj
                init                                 82       82        4        4       0
                reset_vec                             0        0        4        0       0
                config                            1FFF8    1FFF8        8    1FFF8       0
dist/DS/production/domeshow-dimmadome.production.obj
                intcode                               8        8       7A        4       0
                temp                                 32       32        1        1       1
                text11                              382      382       1C        4       0
                text10                               86       86      176        4       0
                text8                               1FC      1FC       C2        4       0
                text7                               33E      33E       26        4       0
                text6                               3F8      3F8        8        4       0
                text5                               3E6      3E6       12        4       0
                text4                               2BE      2BE       56        4       0
                text3                               364      364       1E        4       0
                text2                               314      314       2A        4       0
                text1                               39E      39E       1A        4       0
                text0                               3B8      3B8       18        4       0
                cstackCOMRAM                         1F       1F       13        1       1
                bssCOMRAM                             1        1       1E        1       1
                cinit                               3D0      3D0       16        4       0

TOTAL           Name                               Link     Load   Length     Space
        CLASS   STACK          

        CLASS   CODE           
                intcode                               8        8       7A         0
                init                                 82       82        4         0
                reset_vec                             0        0        4         0
                text11                              382      382       1C         0
                text10                               86       86      176         0
                text8                               1FC      1FC       C2         0
                text7                               33E      33E       26         0
                text6                               3F8      3F8        8         0
                text5                               3E6      3E6       12         0
                text4                               2BE      2BE       56         0
                text3                               364      364       1E         0
                text2                               314      314       2A         0
                text1                               39E      39E       1A         0
                text0                               3B8      3B8       18         0
                cinit                               3D0      3D0       16         0

        CLASS   CONST          

        CLASS   SMALLCONST     

        CLASS   MEDIUMCONST    

        CLASS   COMRAM         
                temp                                 32       32        1         1
                cstackCOMRAM                         1F       1F       13         1
                bssCOMRAM                             1        1       1E         1

        CLASS   ABS1           

        CLASS   BIGRAM         

        CLASS   RAM            

        CLASS   BANK0          

        CLASS   BANK1          

        CLASS   BANK2          

        CLASS   BANK3          

        CLASS   BANK4          

        CLASS   BANK5          

        CLASS   BANK6          

        CLASS   BANK7          

        CLASS   BANK8          

        CLASS   BANK9          

        CLASS   BANK10         

        CLASS   BANK11         

        CLASS   BANK12         

        CLASS   BANK13         

        CLASS   BANK14         

        CLASS   SFR            

        CLASS   FARRAM         

        CLASS   CONFIG         
                config                            1FFF8    1FFF8        8         0

        CLASS   IDLOC          



SEGMENTS        Name                           Load    Length   Top    Selector   Space  Class

                reset_vec                      000000  000004  000004         0       0  CODE    
                bssCOMRAM                      000001  000032  000033         1       1  COMRAM  
                intcode                        000008  0003F8  000400         4       0  CODE    
                config                         01FFF8  000008  020000     1FFF8       0  CONFIG  


UNUSED ADDRESS RANGES

        Name                Unused          Largest block    Delta
        BANK0            00060-000FF              A0
        BANK1            00100-001FF             100
        BANK10           00A00-00AFF             100
        BANK11           00B00-00BFF             100
        BANK12           00C00-00CFF             100
        BANK13           00D00-00DFF             100
        BANK14           00E00-00EAF              B0
        BANK2            00200-002FF             100
        BANK3            00300-003FF             100
        BANK4            00400-004FF             100
        BANK5            00500-005FF             100
        BANK6            00600-006FF             100
        BANK7            00700-007FF             100
        BANK8            00800-008FF             100
        BANK9            00900-009FF             100
        BIGRAM           00033-00EAF             E7D
        CODE             00004-00007               4
                         00400-1FFF7           1FBF8
        COMRAM           00033-0005F              2D
        CONST            00004-00007               4
                         00400-1FFF7           1FBF8
        MEDIUMCONST      00F00-0FFFF            F100
                         10F00-1FFF7            F0F8
        RAM              00060-00EAF             100
        SFR              00EB0-00FFF              60
        SMALLCONST       00F00-1FFF7             100
        STACK            00060-00EAF             E50

                                  Symbol Table

_BAUDCON1                  (abs)         00F7E
_BAUDCON1bits              (abs)         00F7E
_CCP4CONbits               (abs)         00F12
_CCP5CONbits               (abs)         00F0F
_CCP6CONbits               (abs)         00F0C
_CCP7CONbits               (abs)         00F09
_CCP8CONbits               (abs)         00F06
_CCP9CONbits               (abs)         00F03
_CCPR1L                    (abs)         00FBB
_CCPR4L                    (abs)         00F13
_CCPR5L                    (abs)         00F10
_CCPR6L                    (abs)         00F0D
_CCPR7L                    (abs)         00F0A
_CCPR8L                    (abs)         00F07
_CCPR9L                    (abs)         00F04
_DMX_Flags                 bssCOMRAM     00015
_DMX_RxAddrCount           bssCOMRAM     00011
_DMX_RxChannel             bssCOMRAM     00013
_DMX_RxData                bssCOMRAM     00019
_DMX_RxDataPtr             bssCOMRAM     0000F
_DMX_RxStart               bssCOMRAM     00018
_DMX_RxState               bssCOMRAM     00017
_DMX_RxTimer               bssCOMRAM     0000D
_DMX_Timer                 bssCOMRAM     00007
_DMX_TimerState            bssCOMRAM     00016
_INTCONbits                (abs)         00FF2
_OSCCONbits                (abs)         00FD3
_OSCTUNEbits               (abs)         00F9B
_PEIE                      (abs)         07F96
_PIE1bits                  (abs)         00F9D
_PR2                       (abs)         00FCB
_RC1IE                     (abs)         07CED
_RC1IF                     (abs)         07CF5
_RC1IFInterrupt            intcode       00008
_RC3                       (abs)         07C13
_RCREG1                    (abs)         00FAF
_RCSTA1                    (abs)         00FAC
_RCSTA1bits                (abs)         00FAC
_SPBRG1                    (abs)         00FB0
_SPBRGH1                   (abs)         00F7F
_T1CON                     (abs)         00FCD
_T2CON                     (abs)         00FCA
_TMR1                      (abs)         00FCE
_TMR1IE                    (abs)         07CE8
_TMR1IF                    (abs)         07CF0
_TRISBbits                 (abs)         00F93
_TRISCbits                 (abs)         00F94
_TXREG                     (abs)         00FAE
_TXREG1                    (abs)         00FAE
_TXSTA1                    (abs)         00FAD
_TXSTA1bits                (abs)         00FAD
__CFG_ADCSEL$BIT10         (abs)         00000
__CFG_CFGPLLEN$OFF         (abs)         00000
__CFG_CLKOEC$ON            (abs)         00000
__CFG_CP0$OFF              (abs)         00000
__CFG_DSBOREN$ON           (abs)         00000
__CFG_DSWDTEN$ON           (abs)         00000
__CFG_DSWDTOSC$INTOSCREF   (abs)         00000
__CFG_DSWDTPS$G2           (abs)         00000
__CFG_FCMEN$ON             (abs)         00000
__CFG_IESO$ON              (abs)         00000
__CFG_IOL1WAY$ON           (abs)         00000
__CFG_MSSP7B_EN$MSK7       (abs)         00000
__CFG_OSC$INTOSCPLLO       (abs)         00000
__CFG_PLLDIV$2             (abs)         00000
__CFG_PLLSEL$PLL96         (abs)         00000
__CFG_RTCOSC$T1OSCREF      (abs)         00000
__CFG_SOSCSEL$HIGH         (abs)         00000
__CFG_STVREN$ON            (abs)         00000
__CFG_WDTEN$ON             (abs)         00000
__CFG_WDTPS$32768          (abs)         00000
__CFG_WPCFG$OFF            (abs)         00000
__CFG_WPDIS$OFF            (abs)         00000
__CFG_WPEND$PAGE_WPFP      (abs)         00000
__CFG_WPFP$PAGE_127        (abs)         00000
__HRAM                     (abs)         00000
__Habs1                    abs1          00000
__Hbank0                   bank0         00000
__Hbank1                   bank1         00000
__Hbank10                  bank10        00000
__Hbank11                  bank11        00000
__Hbank12                  bank12        00000
__Hbank13                  bank13        00000
__Hbank14                  bank14        00000
__Hbank2                   bank2         00000
__Hbank3                   bank3         00000
__Hbank4                   bank4         00000
__Hbank5                   bank5         00000
__Hbank6                   bank6         00000
__Hbank7                   bank7         00000
__Hbank8                   bank8         00000
__Hbank9                   bank9         00000
__Hbigbss                  bigbss        00000
__Hbigdata                 bigdata       00000
__Hbigram                  bigram        00000
__Hbss                     bss           00000
__HbssCOMRAM               bssCOMRAM     00000
__Hcinit                   cinit         00000
__Hclrtext                 clrtext       00000
__Hcomram                  comram        00000
__Hconfig                  config        20000
__Hconst                   const         00000
__HcstackCOMRAM            cstackCOMRAM  00000
__Hdata                    data          00000
__Hfarbss                  farbss        00000
__Hfardata                 fardata       00000
__Hibigdata                ibigdata      00000
__Hidata                   idata         00000
__Hidloc                   idloc         00000
__Hifardata                ifardata      00000
__Hinit                    init          00086
__Hintcode                 intcode       00082
__Hintcode_body            intcode_body  00000
__Hintcodelo               intcodelo     00082
__Hintentry                intentry      00000
__Hintret                  intret        00000
__Hintsave_regs            intsave_regs  00000
__Hirdata                  irdata        00000
__Hjflash_buffer           jflash_buffer 1F800
__Hmediumconst             mediumconst   00000
__HnvFARRAM                nvFARRAM      00000
__Hnvbit                   nvbit         00000
__Hnvrram                  nvrram        00000
__Hparam                   rparam        00000
__Hpowerup                 powerup       00082
__Hram                     ram           00000
__Hramtop                  ramtop        00F00
__Hrbit                    rbit          00000
__Hrbss                    rbss          00000
__Hrdata                   rdata         00000
__Hreset_vec               reset_vec     00004
__Hrparam                  rparam        00000
__Hsfr                     sfr           00000
__Hsmallconst              smallconst    00000
__Hspace_0                 (abs)         20000
__Hspace_1                 (abs)         00033
__Hspace_2                 (abs)         00000
__Hstack                   stack         00000
__Hstruct                  struct        00000
__Htemp                    temp          00033
__Htext                    text          00000
__Htext0                   text0         00000
__Htext1                   text1         00000
__Htext10                  text10        00000
__Htext11                  text11        00000
__Htext2                   text2         00000
__Htext3                   text3         00000
__Htext4                   text4         00000
__Htext5                   text5         00000
__Htext6                   text6         00000
__Htext7                   text7         00000
__Htext8                   text8         00000
__LRAM                     (abs)         00001
__Labs1                    abs1          00000
__Lbank0                   bank0         00000
__Lbank1                   bank1         00000
__Lbank10                  bank10        00000
__Lbank11                  bank11        00000
__Lbank12                  bank12        00000
__Lbank13                  bank13        00000
__Lbank14                  bank14        00000
__Lbank2                   bank2         00000
__Lbank3                   bank3         00000
__Lbank4                   bank4         00000
__Lbank5                   bank5         00000
__Lbank6                   bank6         00000
__Lbank7                   bank7         00000
__Lbank8                   bank8         00000
__Lbank9                   bank9         00000
__Lbigbss                  bigbss        00000
__Lbigdata                 bigdata       00000
__Lbigram                  bigram        00000
__Lbss                     bss           00000
__LbssCOMRAM               bssCOMRAM     00000
__Lcinit                   cinit         00000
__Lclrtext                 clrtext       00000
__Lcomram                  comram        00000
__Lconfig                  config        1FFF8
__Lconst                   const         00000
__LcstackCOMRAM            cstackCOMRAM  00000
__Ldata                    data          00000
__Lfarbss                  farbss        00000
__Lfardata                 fardata       00000
__Libigdata                ibigdata      00000
__Lidata                   idata         00000
__Lidloc                   idloc         00000
__Lifardata                ifardata      00000
__Linit                    init          00082
__Lintcode                 intcode       00008
__Lintcode_body            intcode_body  00000
__Lintcodelo               intcodelo     00082
__Lintentry                intentry      00000
__Lintret                  intret        00000
__Lintsave_regs            intsave_regs  00000
__Lirdata                  irdata        00000
__Ljflash_buffer           jflash_buffer 1F800
__Lmediumconst             mediumconst   00000
__LnvFARRAM                nvFARRAM      00000
__Lnvbit                   nvbit         00000
__Lnvrram                  nvrram        00000
__Lparam                   rparam        00000
__Lpowerup                 powerup       00082
__Lram                     ram           00000
__Lramtop                  ramtop        00F00
__Lrbit                    rbit          00000
__Lrbss                    rbss          00000
__Lrdata                   rdata         00000
__Lreset_vec               reset_vec     00000
__Lrparam                  rparam        00000
__Lsfr                     sfr           00000
__Lsmallconst              smallconst    00000
__Lspace_0                 (abs)         00000
__Lspace_1                 (abs)         00000
__Lspace_2                 (abs)         00000
__Lstack                   stack         00000
__Lstruct                  struct        00000
__Ltemp                    temp          00032
__Ltext                    text          00000
__Ltext0                   text0         00000
__Ltext1                   text1         00000
__Ltext10                  text10        00000
__Ltext11                  text11        00000
__Ltext2                   text2         00000
__Ltext3                   text3         00000
__Ltext4                   text4         00000
__Ltext5                   text5         00000
__Ltext6                   text6         00000
__Ltext7                   text7         00000
__Ltext8                   text8         00000
__S0                       (abs)         20000
__S1                       (abs)         00033
__S2                       (abs)         00000
___inthi_sp                stack         00000
___intlo_sp                stack         00000
___param_bank              (abs)         00000
___rparam_used             (abs)         00001
___sp                      stack         00000
__accesstop                (abs)         00060
__activetblptr             (abs)         00003
__end_of_RC1IFInterrupt    intcode       00082
__end_of__initialization   cinit         003DC
__end_of_dmx_init          text8         002BE
__end_of_dmx_rx_interrupt  text10        001FC
__end_of_dmx_set_address   text7         00364
__end_of_dmx_set_start     text6         00400
__end_of_main              text0         003D0
__end_of_pin_init          text5         003F8
__end_of_setup             text2         0033E
__end_of_timer_init        text4         00314
__end_of_toggle            text11        0039E
__end_of_uart_init         text3         00382
__end_of_write             text1         003B8
__initialization           cinit         003D0
__mediumconst              mediumconst   00000
__pbssCOMRAM               bssCOMRAM     00001
__pcinit                   cinit         003D0
__pcstackCOMRAM            cstackCOMRAM  0001F
__pintcode                 intcode       00008
__ptext0                   text0         003B8
__ptext1                   text1         0039E
__ptext10                  text10        00086
__ptext11                  text11        00382
__ptext2                   text2         00314
__ptext3                   text3         00364
__ptext4                   text4         002BE
__ptext5                   text5         003E6
__ptext6                   text6         003F8
__ptext7                   text7         0033E
__ptext8                   text8         001FC
__ramtop                   ramtop        00F00
__size_of_RC1IFInterrupt   (abs)         00000
__size_of_dmx_init         (abs)         00000
__size_of_dmx_rx_interrupt (abs)         00000
__size_of_dmx_set_address  (abs)         00000
__size_of_dmx_set_start    (abs)         00000
__size_of_main             (abs)         00000
__size_of_pin_init         (abs)         00000
__size_of_setup            (abs)         00000
__size_of_timer_init       (abs)         00000
__size_of_toggle           (abs)         00000
__size_of_uart_init        (abs)         00000
__size_of_write            (abs)         00000
__smallconst               smallconst    00000
_channelValues             bssCOMRAM     00001
_dmx_init                  text8         001FC
_dmx_rx_interrupt          text10        00086
_dmx_set_address           text7         0033E
_dmx_set_start             text6         003F8
_main                      text0         003B8
_pin_init                  text5         003E6
_setup                     text2         00314
_timer_init                text4         002BE
_toggle                    text11        00382
_uart_init                 text3         00364
_write                     text1         0039E
btemp                      temp          00032
dmx_init@load              cstackCOMRAM  00030
dmx_rx_interrupt@RxDat     cstackCOMRAM  00021
dmx_set_address@base       cstackCOMRAM  00030
dmx_set_start@start        cstackCOMRAM  00030
end_of_initialization      cinit         003DC
int$flags                  temp          00032
intlevel0                  text          00000
intlevel1                  text          00000
intlevel2                  text          00000
intlevel3                  text          00000
stackhi                    (abs)         00EAF
stacklo                    (abs)         00060
start                      init          00082
start_initialization       cinit         003D0


FUNCTION INFORMATION:

 *************** function _main *****************
 Defined at:
		line 122 in file "dome_main.c"
 Parameters:    Size  Location     Type
		None
 Auto vars:     Size  Location     Type
		None
 Return value:  Size  Location     Type
                  2  277[None  ] int 
 Registers used:
		wreg, fsr2l, fsr2h, status,2, status,0, cstack
 Tracked objects:
		On entry : 
		On exit  : 
		Unchanged: 
 Data sizes:     COMRAM   BANK0   BANK1   BANK2   BANK3   BANK4   BANK5   BANK6   BANK7   BANK8   BANK9  BANK10  BANK11  BANK12  BANK13  BANK14
      Params:         0       0       0       0       0       0       0       0       0       0       0       0       0       0       0       0
      Locals:         0       0       0       0       0       0       0       0       0       0       0       0       0       0       0       0
      Temps:          0       0       0       0       0       0       0       0       0       0       0       0       0       0       0       0
      Totals:         0       0       0       0       0       0       0       0       0       0       0       0       0       0       0       0
Total ram usage:        0 bytes
 Hardware stack levels required when called:    5
 This function calls:
		_setup
		_write
 This function is called by:
		Startup code after reset
 This function uses a non-reentrant model


 *************** function _write *****************
 Defined at:
		line 112 in file "dome_main.c"
 Parameters:    Size  Location     Type
		None
 Auto vars:     Size  Location     Type
		None
 Return value:  Size  Location     Type
                  1    wreg      void 
 Registers used:
		None
 Tracked objects:
		On entry : 
		On exit  : 
		Unchanged: 
 Data sizes:     COMRAM   BANK0   BANK1   BANK2   BANK3   BANK4   BANK5   BANK6   BANK7   BANK8   BANK9  BANK10  BANK11  BANK12  BANK13  BANK14
      Params:         0       0       0       0       0       0       0       0       0       0       0       0       0       0       0       0
      Locals:         0       0       0       0       0       0       0       0       0       0       0       0       0       0       0       0
      Temps:          0       0       0       0       0       0       0       0       0       0       0       0       0       0       0       0
      Totals:         0       0       0       0       0       0       0       0       0       0       0       0       0       0       0       0
Total ram usage:        0 bytes
 Hardware stack levels used:    1
 Hardware stack levels required when called:    3
 This function calls:
		Nothing
 This function is called by:
		_main
 This function uses a non-reentrant model


 *************** function _setup *****************
 Defined at:
		line 71 in file "dome_main.c"
 Parameters:    Size  Location     Type
		None
 Auto vars:     Size  Location     Type
		None
 Return value:  Size  Location     Type
                  1    wreg      void 
 Registers used:
		wreg, fsr2l, fsr2h, status,2, status,0, cstack
 Tracked objects:
		On entry : 
		On exit  : 
		Unchanged: 
 Data sizes:     COMRAM   BANK0   BANK1   BANK2   BANK3   BANK4   BANK5   BANK6   BANK7   BANK8   BANK9  BANK10  BANK11  BANK12  BANK13  BANK14
      Params:         0       0       0       0       0       0       0       0       0       0       0       0       0       0       0       0
      Locals:         0       0       0       0       0       0       0       0       0       0       0       0       0       0       0       0
      Temps:          0       0       0       0       0       0       0       0       0       0       0       0       0       0       0       0
      Totals:         0       0       0       0       0       0       0       0       0       0       0       0       0       0       0       0
Total ram usage:        0 bytes
 Hardware stack levels used:    1
 Hardware stack levels required when called:    4
 This function calls:
		_dmx_init
		_dmx_set_address
		_dmx_set_start
		_pin_init
		_timer_init
		_uart_init
 This function is called by:
		_main
 This function uses a non-reentrant model


 *************** function _uart_init *****************
 Defined at:
		line 15 in file "domeshow_lib.h"
 Parameters:    Size  Location     Type
		None
 Auto vars:     Size  Location     Type
		None
 Return value:  Size  Location     Type
                  1    wreg      void 
 Registers used:
		wreg, status,2
 Tracked objects:
		On entry : 
		On exit  : 
		Unchanged: 
 Data sizes:     COMRAM   BANK0   BANK1   BANK2   BANK3   BANK4   BANK5   BANK6   BANK7   BANK8   BANK9  BANK10  BANK11  BANK12  BANK13  BANK14
      Params:         0       0       0       0       0       0       0       0       0       0       0       0       0       0       0       0
      Locals:         0       0       0       0       0       0       0       0       0       0       0       0       0       0       0       0
      Temps:          0       0       0       0       0       0       0       0       0       0       0       0       0       0       0       0
      Totals:         0       0       0       0       0       0       0       0       0       0       0       0       0       0       0       0
Total ram usage:        0 bytes
 Hardware stack levels used:    1
 Hardware stack levels required when called:    3
 This function calls:
		Nothing
 This function is called by:
		_setup
 This function uses a non-reentrant model


 *************** function _timer_init *****************
 Defined at:
		line 47 in file "domeshow_lib.h"
 Parameters:    Size  Location     Type
		None
 Auto vars:     Size  Location     Type
		None
 Return value:  Size  Location     Type
                  1    wreg      void 
 Registers used:
		wreg, status,2
 Tracked objects:
		On entry : 
		On exit  : 
		Unchanged: 
 Data sizes:     COMRAM   BANK0   BANK1   BANK2   BANK3   BANK4   BANK5   BANK6   BANK7   BANK8   BANK9  BANK10  BANK11  BANK12  BANK13  BANK14
      Params:         0       0       0       0       0       0       0       0       0       0       0       0       0       0       0       0
      Locals:         0       0       0       0       0       0       0       0       0       0       0       0       0       0       0       0
      Temps:          0       0       0       0       0       0       0       0       0       0       0       0       0       0       0       0
      Totals:         0       0       0       0       0       0       0       0       0       0       0       0       0       0       0       0
Total ram usage:        0 bytes
 Hardware stack levels used:    1
 Hardware stack levels required when called:    3
 This function calls:
		Nothing
 This function is called by:
		_setup
 This function uses a non-reentrant model


 *************** function _pin_init *****************
 Defined at:
		line 33 in file "domeshow_lib.h"
 Parameters:    Size  Location     Type
		None
 Auto vars:     Size  Location     Type
		None
 Return value:  Size  Location     Type
                  1    wreg      void 
 Registers used:
		None
 Tracked objects:
		On entry : 
		On exit  : 
		Unchanged: 
 Data sizes:     COMRAM   BANK0   BANK1   BANK2   BANK3   BANK4   BANK5   BANK6   BANK7   BANK8   BANK9  BANK10  BANK11  BANK12  BANK13  BANK14
      Params:         0       0       0       0       0       0       0       0       0       0       0       0       0       0       0       0
      Locals:         0       0       0       0       0       0       0       0       0       0       0       0       0       0       0       0
      Temps:          0       0       0       0       0       0       0       0       0       0       0       0       0       0       0       0
      Totals:         0       0       0       0       0       0       0       0       0       0       0       0       0       0       0       0
Total ram usage:        0 bytes
 Hardware stack levels used:    1
 Hardware stack levels required when called:    3
 This function calls:
		Nothing
 This function is called by:
		_setup
 This function uses a non-reentrant model


 *************** function _dmx_set_start *****************
 Defined at:
		line 304 in file "dmx.c"
 Parameters:    Size  Location     Type
  start           1    wreg     unsigned char 
 Auto vars:     Size  Location     Type
  start           1   17[COMRAM] unsigned char 
 Return value:  Size  Location     Type
                  1    wreg      void 
 Registers used:
		wreg
 Tracked objects:
		On entry : 
		On exit  : 
		Unchanged: 
 Data sizes:     COMRAM   BANK0   BANK1   BANK2   BANK3   BANK4   BANK5   BANK6   BANK7   BANK8   BANK9  BANK10  BANK11  BANK12  BANK13  BANK14
      Params:         0       0       0       0       0       0       0       0       0       0       0       0       0       0       0       0
      Locals:         1       0       0       0       0       0       0       0       0       0       0       0       0       0       0       0
      Temps:          0       0       0       0       0       0       0       0       0       0       0       0       0       0       0       0
      Totals:         1       0       0       0       0       0       0       0       0       0       0       0       0       0       0       0
Total ram usage:        1 bytes
 Hardware stack levels used:    1
 Hardware stack levels required when called:    3
 This function calls:
		Nothing
 This function is called by:
		_setup
 This function uses a non-reentrant model


 *************** function _dmx_set_address *****************
 Defined at:
		line 846 in file "dmx.c"
 Parameters:    Size  Location     Type
  base            2   17[COMRAM] unsigned int 
 Auto vars:     Size  Location     Type
		None
 Return value:  Size  Location     Type
                  1    wreg      void 
 Registers used:
		wreg, status,2, status,0
 Tracked objects:
		On entry : 
		On exit  : 
		Unchanged: 
 Data sizes:     COMRAM   BANK0   BANK1   BANK2   BANK3   BANK4   BANK5   BANK6   BANK7   BANK8   BANK9  BANK10  BANK11  BANK12  BANK13  BANK14
      Params:         2       0       0       0       0       0       0       0       0       0       0       0       0       0       0       0
      Locals:         0       0       0       0       0       0       0       0       0       0       0       0       0       0       0       0
      Temps:          0       0       0       0       0       0       0       0       0       0       0       0       0       0       0       0
      Totals:         2       0       0       0       0       0       0       0       0       0       0       0       0       0       0       0
Total ram usage:        2 bytes
 Hardware stack levels used:    1
 Hardware stack levels required when called:    3
 This function calls:
		Nothing
 This function is called by:
		_setup
 This function uses a non-reentrant model


 *************** function _dmx_init *****************
 Defined at:
		line 187 in file "dmx.c"
 Parameters:    Size  Location     Type
		None
 Auto vars:     Size  Location     Type
  load            2   17[COMRAM] unsigned int 
 Return value:  Size  Location     Type
                  1    wreg      void 
 Registers used:
		wreg, fsr2l, fsr2h, status,2, status,0
 Tracked objects:
		On entry : 
		On exit  : 
		Unchanged: 
 Data sizes:     COMRAM   BANK0   BANK1   BANK2   BANK3   BANK4   BANK5   BANK6   BANK7   BANK8   BANK9  BANK10  BANK11  BANK12  BANK13  BANK14
      Params:         0       0       0       0       0       0       0       0       0       0       0       0       0       0       0       0
      Locals:         2       0       0       0       0       0       0       0       0       0       0       0       0       0       0       0
      Temps:          0       0       0       0       0       0       0       0       0       0       0       0       0       0       0       0
      Totals:         2       0       0       0       0       0       0       0       0       0       0       0       0       0       0       0
Total ram usage:        2 bytes
 Hardware stack levels used:    1
 Hardware stack levels required when called:    3
 This function calls:
		Nothing
 This function is called by:
		_setup
 This function uses a non-reentrant model


 *************** function _RC1IFInterrupt *****************
 Defined at:
		line 97 in file "dome_main.c"
 Parameters:    Size  Location     Type
		None
 Auto vars:     Size  Location     Type
		None
 Return value:  Size  Location     Type
                  1    wreg      void 
 Registers used:
		wreg, fsr2l, fsr2h, status,2, status,0, cstack
 Tracked objects:
		On entry : 
		On exit  : 
		Unchanged: 
 Data sizes:     COMRAM   BANK0   BANK1   BANK2   BANK3   BANK4   BANK5   BANK6   BANK7   BANK8   BANK9  BANK10  BANK11  BANK12  BANK13  BANK14
      Params:         0       0       0       0       0       0       0       0       0       0       0       0       0       0       0       0
      Locals:         0       0       0       0       0       0       0       0       0       0       0       0       0       0       0       0
      Temps:         14       0       0       0       0       0       0       0       0       0       0       0       0       0       0       0
      Totals:        14       0       0       0       0       0       0       0       0       0       0       0       0       0       0       0
Total ram usage:       14 bytes
 Hardware stack levels used:    1
 Hardware stack levels required when called:    2
 This function calls:
		_dmx_rx_interrupt
 This function is called by:
		Interrupt level 2
 This function uses a non-reentrant model


 *************** function _dmx_rx_interrupt *****************
 Defined at:
		line 725 in file "dmx.c"
 Parameters:    Size  Location     Type
		None
 Auto vars:     Size  Location     Type
  RxDat           1    2[COMRAM] unsigned char 
 Return value:  Size  Location     Type
                  1    wreg      void 
 Registers used:
		wreg, fsr2l, fsr2h, status,2, status,0, cstack
 Tracked objects:
		On entry : 
		On exit  : 
		Unchanged: 
 Data sizes:     COMRAM   BANK0   BANK1   BANK2   BANK3   BANK4   BANK5   BANK6   BANK7   BANK8   BANK9  BANK10  BANK11  BANK12  BANK13  BANK14
      Params:         0       0       0       0       0       0       0       0       0       0       0       0       0       0       0       0
      Locals:         1       0       0       0       0       0       0       0       0       0       0       0       0       0       0       0
      Temps:          2       0       0       0       0       0       0       0       0       0       0       0       0       0       0       0
      Totals:         3       0       0       0       0       0       0       0       0       0       0       0       0       0       0       0
Total ram usage:        3 bytes
 Hardware stack levels used:    1
 Hardware stack levels required when called:    1
 This function calls:
		_toggle
 This function is called by:
		_RC1IFInterrupt
		_dmx_interrupt
 This function uses a non-reentrant model


 *************** function _toggle *****************
 Defined at:
		line 717 in file "dmx.c"
 Parameters:    Size  Location     Type
		None
 Auto vars:     Size  Location     Type
		None
 Return value:  Size  Location     Type
                  1    wreg      void 
 Registers used:
		None
 Tracked objects:
		On entry : 
		On exit  : 
		Unchanged: 
 Data sizes:     COMRAM   BANK0   BANK1   BANK2   BANK3   BANK4   BANK5   BANK6   BANK7   BANK8   BANK9  BANK10  BANK11  BANK12  BANK13  BANK14
      Params:         0       0       0       0       0       0       0       0       0       0       0       0       0       0       0       0
      Locals:         0       0       0       0       0       0       0       0       0       0       0       0       0       0       0       0
      Temps:          0       0       0       0       0       0       0       0       0       0       0       0       0       0       0       0
      Totals:         0       0       0       0       0       0       0       0       0       0       0       0       0       0       0       0
Total ram usage:        0 bytes
 Hardware stack levels used:    1
 This function calls:
		Nothing
 This function is called by:
		_dmx_rx_interrupt
 This function uses a non-reentrant model



MODULE INFORMATION

Module		Function		Class		Link	Load	Size
domeshow_lib.h
		_uart_init     		CODE           	0364	0000	31
		_timer_init    		CODE           	02BE	0000	87
		_pin_init      		CODE           	03E6	0000	19

domeshow_lib.h estimated size: 137

dome_main.c
		_main          		CODE           	03B8	0000	25
		_write         		CODE           	039E	0000	27
		_setup         		CODE           	0314	0000	43
		_RC1IFInterrupt		CODE           	0008	0000	123

dome_main.c estimated size: 218

shared
		__initialization		CODE           	03D0	0000	13

shared estimated size: 13

dmx.c
		_dmx_rx_interrupt		CODE           	0086	0000	375
		_dmx_set_start 		CODE           	03F8	0000	9
		_toggle        		CODE           	0382	0000	29
		_dmx_set_address		CODE           	033E	0000	39
		_dmx_init      		CODE           	01FC	0000	195

dmx.c estimated size: 647

